Unique variable names: 3
Total variable uses: 6
Top 10 variables names by usage: [('v0', 2), ('v1', 2), ('v2', 2)]
