Unique variable names: 45
Total variable uses: 93
Top 10 variables names by usage: [('index', 9), ('isBuzz', 3), ('v1', 2), ('v2', 2), ('v4', 2), ('v5', 2), ('v6', 2), ('v7', 2), ('div3', 2), ('v8', 2)]
