Unique variable names: 8
Total variable uses: 25
Top 10 variables names by usage: [('v1', 6), ('v0', 5), ('v3', 5), ('v2', 3), ('vc0', 2), ('v4', 2), ('op1', 1), ('op2', 1)]
