Unique variable names: 16
Total variable uses: 40
Top 10 variables names by usage: [('greater', 7), ('y', 3), ('x', 3), ('zero', 3), ('v4', 2), ('modX', 2), ('modY', 2), ('xZero', 2), ('yZero', 2), ('bothZero', 2)]
