Unique variable names: 43
Total variable uses: 117
Top 10 variables names by usage: [('base', 10), ('exp', 6), ('m', 6), ('result', 6), ('v1', 4), ('v2', 4), ('v3', 4), ('v4', 4), ('v5', 4), ('v6', 4)]
